com.hedera.hashgraph.sdk.CustomFeeListTest.shouldSerialize=[
  "CustomFeeList{canUpdate=true, customFees=[CustomFixedFee{feeCollectorAccountId=0.0.4322, amount=10, demoninatingTokenId=0.0.483902}, CustomFractionalFee{feeCollectorAccountId=0.0.389042, numerator=3, denominator=7, min=3, max=100}]}"
]