com.hedera.hashgraph.sdk.FileAppendTransactionTest.shouldGetAllSignatures=[
  "[{0.0.555={302a300506032b6570032100e0c8ec2758a5879ffac226a13c0c516b799e72e35141a0dd828f94d37988a4b7=95991b91ce66d1eeec1052ad1a230cf48febde4ffc4656ce7984471c0c126c576baec903fc16485f762b253986d0eb7e8ff2f89d3089772b45954708073e2a0b, 302a300506032b657003210072a1a2b6b694902f095ac85c6a5fa96ab1a87933e3fc1fd66e57ac6af628ca2d=3471d910d10053910098a28f08791d8347081ee51c1def4bc4e09c1d6b911cff4b78bb0eb49bf0adf6cc0f58d53b23e5ef805577fbd6cbc327c0c031091be40b, }, 0.0.444={302a300506032b6570032100e0c8ec2758a5879ffac226a13c0c516b799e72e35141a0dd828f94d37988a4b7=06a333b2d8f33edabd52a0a96e40071e4860cd01ee0e7c4acd3e6005d846d8601c2bba1a5419b9d7b546aefd94a7d4eacd9427c9ca7d1ffa3f09c7a36e43a804, 302a300506032b657003210072a1a2b6b694902f095ac85c6a5fa96ab1a87933e3fc1fd66e57ac6af628ca2d=495c503a3f7ad8a3768290acf6b5e480c9ccea389265cbf1b432b4d41ad98e0903b5a9cc736fc08aff18b77f4f27aa21cdfdd1bb56fd9dc7d574e145c8719106, }, }, {0.0.555={302a300506032b6570032100e0c8ec2758a5879ffac226a13c0c516b799e72e35141a0dd828f94d37988a4b7=837b2c0394b9fdb130f95b29bdbf58f5db019f2cf99ff1638eaa3bd3135de6536afd11aa60a76c3c701e7acae0bcd5060231e1d6e1adc15fa15a85db4256300d, 302a300506032b657003210072a1a2b6b694902f095ac85c6a5fa96ab1a87933e3fc1fd66e57ac6af628ca2d=301bcaf503885585bd839823d8ea51ec5d345c6871c063d30ab4533ccfb8dd46090f3d5d3586b9fc7bb6315f398406ba03b2dba3af6ebebb1723286465e02608, }, 0.0.444={302a300506032b6570032100e0c8ec2758a5879ffac226a13c0c516b799e72e35141a0dd828f94d37988a4b7=763921e163225644e9c3f50ef86968887c0f262fb5686c1f3d3d1d8957dcb742ad78f5500279419f34334dd4491ebffce72d18abbfe94079f86ed7a2c6bbc30a, 302a300506032b657003210072a1a2b6b694902f095ac85c6a5fa96ab1a87933e3fc1fd66e57ac6af628ca2d=10dc4c55b817be20d2c42ff75350c441df6085e7e5f039e24a25d0b0c048fb0eed3f5734f93bde2ffbee31c681646a32e19a5570686409d0e7ed0c24c05d8b02, }, }, {0.0.555={302a300506032b6570032100e0c8ec2758a5879ffac226a13c0c516b799e72e35141a0dd828f94d37988a4b7=8208c958c37d43db2de69a227e9de3deb8e8798d6a88af9a0f0dde9074c883a6002b540760dbe645a7771ef20b4d0d08424ac2d4374e75dc0dc251a40b076302, 302a300506032b657003210072a1a2b6b694902f095ac85c6a5fa96ab1a87933e3fc1fd66e57ac6af628ca2d=69722f2d41b7c9654ca98096e9599b7f1dde90094560fa639e4a364bfd8f11a902d9519d9ab9337e15105586c2382eac2093dc8c4f3681ab52cea02c1ea30404, }, 0.0.444={302a300506032b6570032100e0c8ec2758a5879ffac226a13c0c516b799e72e35141a0dd828f94d37988a4b7=21b4f403a2ae143be4d20b01ca49558a5d0d3b19d37db7365b0709663a0220b4b85a9fd38cc943b08a7f47a2ba8f530db99f39fcfe6ae37b5a118959295cfe0c, 302a300506032b657003210072a1a2b6b694902f095ac85c6a5fa96ab1a87933e3fc1fd66e57ac6af628ca2d=7b4aa3a928a6d46dbf42e66b704889d972bd62dd8fc3bd74293d9101c685a5a149fbb7fb784d732be9271ef839cf6d58b71de228fe1811432d8191d28c152406, }, }, {0.0.555={302a300506032b6570032100e0c8ec2758a5879ffac226a13c0c516b799e72e35141a0dd828f94d37988a4b7=b7979b1b3a3e7133f437bb20716f12b527c7f38ad76c96d292885b837aae7581ede30f5773ae505a8500ec6ac18f275da4896919308950115f5d36b6ae02bf08, 302a300506032b657003210072a1a2b6b694902f095ac85c6a5fa96ab1a87933e3fc1fd66e57ac6af628ca2d=b603888598c4969452af1ca6b4f95a84df5456df23ee26502d839223ec0ffa553b31c5a251be41ed02bcf57fa141a56006bcc263a03975b7dfb1bef192e73e02, }, 0.0.444={302a300506032b6570032100e0c8ec2758a5879ffac226a13c0c516b799e72e35141a0dd828f94d37988a4b7=6c2ae53f3acb5fb09337332536740b3a0a63b7326ac8f303a8542d3b293ca00f38940ef6c182193425315a31ce6e57ad263b65f568bb020a9843adef99204f02, 302a300506032b657003210072a1a2b6b694902f095ac85c6a5fa96ab1a87933e3fc1fd66e57ac6af628ca2d=179c71ae1f126d80659027e9477136ea23f7b6ad57f3aba8320c749ad58930d05b766752e0ae60e3d89b9fb21c832e505737276c9440826934a482bcffbb170b, }, }, {0.0.555={302a300506032b6570032100e0c8ec2758a5879ffac226a13c0c516b799e72e35141a0dd828f94d37988a4b7=c54d90475bb55bc271a80e6e6950ee28012c42bd7ed0626484066f1cc59d83f940949554f61e9b9424ae40f61d2ad972b43cbd16dca2f527da04be1aae534805, 302a300506032b657003210072a1a2b6b694902f095ac85c6a5fa96ab1a87933e3fc1fd66e57ac6af628ca2d=ae05db206688e2a97b8b1dd6771c06896b5303ea6394e0055d4837757053f184ff632d6ffcc122b9eee06bf737d080cec02c9815e6a64d19bc836709420ee104, }, 0.0.444={302a300506032b6570032100e0c8ec2758a5879ffac226a13c0c516b799e72e35141a0dd828f94d37988a4b7=56519a9b6361f434bb909336fc8c122fda9e77fc4e6f987cdae6ea61c4a86f8f62b380d595377bc5ca4af66853cc866bd29549663f9315772b05c6bcb9f9af0f, 302a300506032b657003210072a1a2b6b694902f095ac85c6a5fa96ab1a87933e3fc1fd66e57ac6af628ca2d=d493d87d111591ea497b09018e358d3ec6f57462fb3e454a1dd85619e05ba25d6ae56df4b2f41fb9aee5dd39a51e81174ffd04287cd83bb84c301b8df8a33703, }, }, {0.0.555={302a300506032b6570032100e0c8ec2758a5879ffac226a13c0c516b799e72e35141a0dd828f94d37988a4b7=3e45ee0b310e0d71e8100868ffdf0c1261be57b319724c3835a44bd00d9ac3c9c72c236b311101f0f02f3a36c2ddd1672477e13092021018cead1f90cb1f9502, 302a300506032b657003210072a1a2b6b694902f095ac85c6a5fa96ab1a87933e3fc1fd66e57ac6af628ca2d=875bf1717e06f536cb7e07cf0793e8dd0a86ff635d4b3db7dd2f9afa44bef418982f74c40cb254402f36bbd52e926948bb1cf362a2dbf471cab04affef7f0504, }, 0.0.444={302a300506032b6570032100e0c8ec2758a5879ffac226a13c0c516b799e72e35141a0dd828f94d37988a4b7=6780b8bb7df4f96e1bc02e63d6f30f562005387aa356ffec81419db916c9ec0f92d9abb1db43e2473533ada47ebc30ea976f1e0ace9921dc042987c98105850a, 302a300506032b657003210072a1a2b6b694902f095ac85c6a5fa96ab1a87933e3fc1fd66e57ac6af628ca2d=4cc1eef0c30d1fb8b2b86da8cdbd413985b498e0d874884fe359954b30e98a7195ab70cef9463f4f6f9bb77a7ce55ee8e7545f453fcb46c4482be793aa312107, }, }, {0.0.555={302a300506032b6570032100e0c8ec2758a5879ffac226a13c0c516b799e72e35141a0dd828f94d37988a4b7=c69622c32b89ee9a5a971d641aada18587e461641035adfaf7f1abcac00c520e87fcb11fdb0cf5e02c36bc946df31fea329f8420dd202e5a5d15d0434757620a, 302a300506032b657003210072a1a2b6b694902f095ac85c6a5fa96ab1a87933e3fc1fd66e57ac6af628ca2d=e88afb47770005f330e8ddcd024bed5b5977cf9219e676a1315629b40bb40ce2045668cf9073d681126b3126d8c94de66ec4f8e79521c1fc56aa20f51a966f04, }, 0.0.444={302a300506032b6570032100e0c8ec2758a5879ffac226a13c0c516b799e72e35141a0dd828f94d37988a4b7=0b6e42f686d6795aa6f6770b8b9cb9ebd3e0da099b7142caf154b594719b0e4b6b472a9a9ac7b0daa3714d472154f1742178c565e0997e239d8fae44d3b95809, 302a300506032b657003210072a1a2b6b694902f095ac85c6a5fa96ab1a87933e3fc1fd66e57ac6af628ca2d=642a72965664974bf876656f54066cb4012884f4509027065b95d1d7887a2d61ac863dd3b31f6c2f5df7190b2e64ff39a2f70231ed2e9342904cade19a257609, }, }, {0.0.555={302a300506032b6570032100e0c8ec2758a5879ffac226a13c0c516b799e72e35141a0dd828f94d37988a4b7=ca07111ab30f8161ab91815ca5f2688340f15cf855ed0a97b15ef58f39026192476fba9fce361eae52aadddb04a818cac1255a9afd033dc0bd55897f98adf102, 302a300506032b657003210072a1a2b6b694902f095ac85c6a5fa96ab1a87933e3fc1fd66e57ac6af628ca2d=4ba77653d0fa3fa7a93cee7fe40b0d7036d176154f20c905bb4c09e987ec417d96edf9a7d06e1f29cf0da30cf0e3a0bc048e79661d7b129d8a8e74a95609250d, }, 0.0.444={302a300506032b6570032100e0c8ec2758a5879ffac226a13c0c516b799e72e35141a0dd828f94d37988a4b7=6231fb4c2171cc26cc8ea2bb03bd35fa5a62369708ad1fab11a2a0085568213835afe8c9ae85d1c8289b4c06399543f2997a89f30a6b344b8cbcf1c355727b00, 302a300506032b657003210072a1a2b6b694902f095ac85c6a5fa96ab1a87933e3fc1fd66e57ac6af628ca2d=033de344ded2cbdaf282d17b5a7b05cc8b639379a79e6bce041e9bd28b7c2d000eecaf8f96c6087e2e767df0ad7eeb09001c6ad19d3e03903bc3e48872cf3603, }, }, {0.0.555={302a300506032b6570032100e0c8ec2758a5879ffac226a13c0c516b799e72e35141a0dd828f94d37988a4b7=76ffc277d7dc402c16821c577fdd3bcb1f9d385c692a51efad1be71bd79eef0741e82a6625809522c2afec3bd211bc70fb05344e1b5ab9b681eb943b5afee50b, 302a300506032b657003210072a1a2b6b694902f095ac85c6a5fa96ab1a87933e3fc1fd66e57ac6af628ca2d=2ac3931a439c704197b9822d71ed73dcddcd062fb57c4e43148828d05b4e044244c651867d208548f30599f5ff3f2b78d661350f1189410d0f1d5ca6413ac704, }, 0.0.444={302a300506032b6570032100e0c8ec2758a5879ffac226a13c0c516b799e72e35141a0dd828f94d37988a4b7=0f4dcd7243a99877fdbc72957d5387d94582d4cc19b5fc31b7e43845c978cf573e2cf8c51de29a18b3075613b84e9adab0494193b27da1ae04d452f637dfd705, 302a300506032b657003210072a1a2b6b694902f095ac85c6a5fa96ab1a87933e3fc1fd66e57ac6af628ca2d=85da4402732b98c090c8064b98fd850985d1b294ad8bb97d2b27050e403db36c9075d367a4cca6d3d339d042858a99615da62d98e62116c927be10b4accdc70e, }, }, {0.0.555={302a300506032b6570032100e0c8ec2758a5879ffac226a13c0c516b799e72e35141a0dd828f94d37988a4b7=e1e02612eff40800928d9846a05a5649e5db1ec71f8e610056ab03f6d4b52a446de1b58024a2d3370362a0e86cce83ee5a72deb552aeb5eb3983af03efc9280e, 302a300506032b657003210072a1a2b6b694902f095ac85c6a5fa96ab1a87933e3fc1fd66e57ac6af628ca2d=0d3bd85658e20cfa1333db111c844f0b26410585342f43671ee7b30ce77ada11c00ef0b4ddcad161869afbc7e33eba5854e52418ff49a904b26accfe84de130e, }, 0.0.444={302a300506032b6570032100e0c8ec2758a5879ffac226a13c0c516b799e72e35141a0dd828f94d37988a4b7=b412ee68d9d0e4a9e0f067b9fc965bc86eda86e152425ddd41b91b32f06013bc35da52bf5035bfc5988b60e0b4eeadb73b32eb23cc92fd6deb510986bfed3201, 302a300506032b657003210072a1a2b6b694902f095ac85c6a5fa96ab1a87933e3fc1fd66e57ac6af628ca2d=649e650e6dc51e86fb988c5131a28696dbd995ef7d380cd4f169da7a66c40aa05d69595620b8f6aa5958441d6961409b2373cb4f4d3815a70d35812c74904504, }, }, {0.0.555={302a300506032b6570032100e0c8ec2758a5879ffac226a13c0c516b799e72e35141a0dd828f94d37988a4b7=fa580ed6f3cfeb2d4a539872305976e3c8f14eab343973830a18c407fc7142a1185eeb5ab3a33fcfd84c2564e0ffe645fb6a6270ac69839fedadb7f9ca86800b, 302a300506032b657003210072a1a2b6b694902f095ac85c6a5fa96ab1a87933e3fc1fd66e57ac6af628ca2d=3c6e84e228c1d5a4fcfe3d56b1bc661f13f26b1c7c407d949b555b3c620b8984e0e4e7ca08b7b792606e0094e7297ff462feb0e6efc4d5bfdf3022b1210f8604, }, 0.0.444={302a300506032b6570032100e0c8ec2758a5879ffac226a13c0c516b799e72e35141a0dd828f94d37988a4b7=8dcb487869e54d0047183bd2bd92e49fb8753797a2cf1aa0275db3fa11f3f40868df437505ebcf4961705cd8a672ca37b4a16618d78487f8d2ba8859934bf90b, 302a300506032b657003210072a1a2b6b694902f095ac85c6a5fa96ab1a87933e3fc1fd66e57ac6af628ca2d=e3e9b9ea1d5b827614b35e9c92fedb36007c60b1fdbe69d96ea73ce314181d7c23f96dc78661d591defb7c0552593d17cf35c54c9a90ed55c6814865751bb80b, }, }, {0.0.555={302a300506032b6570032100e0c8ec2758a5879ffac226a13c0c516b799e72e35141a0dd828f94d37988a4b7=927a0627f61f2b55c8ab3cc5c9d7048f5c6ddefe02110b73d97f88d5e0c696690f5356ab2d7058ffac674bcf895e8546fe268a1cca10c375868b8dd2f9a1cd05, 302a300506032b657003210072a1a2b6b694902f095ac85c6a5fa96ab1a87933e3fc1fd66e57ac6af628ca2d=dbe2cd6a29373bacb28841b61e5963858c48f3e7392e4f96cf1b57192f366620f6e49505dc48940db6ca2d6f95d2f5b66f1efb3a6af012736d17006388616e0d, }, 0.0.444={302a300506032b6570032100e0c8ec2758a5879ffac226a13c0c516b799e72e35141a0dd828f94d37988a4b7=a7c8883ebf3f2dad125d38bcb41ab4bb550998ccb1764d3ee998c433b49177606f6eb6ca19e6c36046469703f8267ca88a9de1a3072c5ab9df6555d093f1a80d, 302a300506032b657003210072a1a2b6b694902f095ac85c6a5fa96ab1a87933e3fc1fd66e57ac6af628ca2d=8ba8d55df7775c78b11d405b19d26d3fc549dff560069140d9d625479bdb1fc758960a2bb2c5f1fe42b98c5b4d810514d18e8d4f3f4080ed90e9c850bcda0200, }, }, {0.0.555={302a300506032b6570032100e0c8ec2758a5879ffac226a13c0c516b799e72e35141a0dd828f94d37988a4b7=e199d653746aee27113f0b68130f1fc2b91772be234fdd182f1965d2977667b6a2f27db7f9d4442d23e3f48a4355e0baba49b7bb924f70e4454b066ca16cd909, 302a300506032b657003210072a1a2b6b694902f095ac85c6a5fa96ab1a87933e3fc1fd66e57ac6af628ca2d=fd0cd8883b31483dfb3548e20699aed5c0d97ee41268f8b45862b7c46ce014af2df9a2cbdc5dacd3bdb274dfed790965dfaf5d7233560f396fbdbd68fd83d70a, }, 0.0.444={302a300506032b6570032100e0c8ec2758a5879ffac226a13c0c516b799e72e35141a0dd828f94d37988a4b7=81ccd5bd8b07b886c889b4f652390dc0ee1ae081dcf26af90ae25a120b1862e5aeffaa44548717cac68e296d456196af8f9c7343973d52b0d131d28311c32201, 302a300506032b657003210072a1a2b6b694902f095ac85c6a5fa96ab1a87933e3fc1fd66e57ac6af628ca2d=a5e6e55bf2e40f27ae4193e1d4ab8bd4543e773a7916478cc2f9a4b6d718f9abc9ac82738d1148c19524bd9740dddcf06e8f07519ce2ed30c21f768924186f0e, }, }, {0.0.555={302a300506032b6570032100e0c8ec2758a5879ffac226a13c0c516b799e72e35141a0dd828f94d37988a4b7=c0746bb7db51f5848039d954f790b5b3335ce36b23b58a5688ab08d4f95dd482239f48be919a2920974ccb4a70fd0de81606be978f0f10ccce7a457ffb315603, 302a300506032b657003210072a1a2b6b694902f095ac85c6a5fa96ab1a87933e3fc1fd66e57ac6af628ca2d=3c3959faa26c663d85028c6a37954faf542ad6638300de066a0d12e3127b8bbb8f375a1e6d123e310254c55a9388c0f7c4576205833687a26ea8c4e8f2ed150d, }, 0.0.444={302a300506032b6570032100e0c8ec2758a5879ffac226a13c0c516b799e72e35141a0dd828f94d37988a4b7=4e611c5558b76c8fe2afe9add275aae6db98f58e09378e894b445d21858084f4c621e2d54409b59ed0598d2b949e3447c6ff9c41637214383e1f6f484822260d, 302a300506032b657003210072a1a2b6b694902f095ac85c6a5fa96ab1a87933e3fc1fd66e57ac6af628ca2d=3c9ac04e87ff7dd34b3e53c106999eb69c909a99b83a0f1e7708e450ad4bb415395ff1572673c6997f7cd5a368fb64e3a82f499af93fca3882243d5a3e25900d, }, }, ]"
]


com.hedera.hashgraph.sdk.FileAppendTransactionTest.shouldGetSignatures=[
  "{0.0.555={302a300506032b6570032100e0c8ec2758a5879ffac226a13c0c516b799e72e35141a0dd828f94d37988a4b7=a762395ad7e3fa298ed990785699133ca64d11a28fb4dfc83d6d95a9a2639b688d5afc288fcdb8168f4a85876b2b785e3303ddec38666bbae4f5436d6334540b, 302a300506032b657003210072a1a2b6b694902f095ac85c6a5fa96ab1a87933e3fc1fd66e57ac6af628ca2d=8bea3d52ad5badc4ebf5e20f874cf2e5dec3189d3a471c39fd1062743ba7729de1c484f1e8ac2f15343494799e97b5ac220734a261994d91ffed9e113c09d700, }, 0.0.444={302a300506032b6570032100e0c8ec2758a5879ffac226a13c0c516b799e72e35141a0dd828f94d37988a4b7=4b8fd70342b6c201f08177de53122be909d5d72f97d29fba69e7ac6ef04d96b19ac417c9b84fbb122bce9c8323bc38bd6165b5750ce16ee4a2f23e28d7123006, 302a300506032b657003210072a1a2b6b694902f095ac85c6a5fa96ab1a87933e3fc1fd66e57ac6af628ca2d=371b502056cbf34c1bd7f9891e82c7a53ab8d92ce1728f790acc9a09989196fbf4c1c111ca010a19f1af82f2480be92229b5a1aadfe4af9142bd212254c88b08, }, }"
]


com.hedera.hashgraph.sdk.FileAppendTransactionTest.shouldHash=[
  "[{0.0.555=b6fb8822103d5e94017f48d3a00d46e14773d0b5646fa2c2758c0f9f91d52d7745c8630efaf52713b05ff9b38a86d47a, 0.0.444=b3eb3943b968683384752671dd3fbc9f2b6cc6d9391228b7f70795ebc89207552e0b2b5cb488da9ebe5beabd71019da1, }, {0.0.555=62335085c9922132be7005d306cdeca862f6b3388ff50d5934869df4a25bec0ac7df8b6f59623347fd5e25b0f4b67af7, 0.0.444=895c734b78a147d4f626a252dfeca638daa82b011101ed6d1489bda029f33c658e74f81170991cc58c6c9bd0b8dce394, }, {0.0.555=0fd2c38b633c376bbe55a78f58231380d17a18eea7d364d25cda886a151200173a06ccd6d4ba57c17022c657525ea782, 0.0.444=aae0d764dee63c58236b32a213b68cc831769cc5e295f80188a430418315569aca1b7a2cf157a0384ddfdf7ee2ca71ed, }, {0.0.555=cb134e8e298b0d89dfae3ecac1e7470c613138054e1607728d2611f77a8e57bad2f67ac605f797477397430d47678984, 0.0.444=7b994db4ed0de5016ae7aaf9e22c684441537f261c61b4a10b2a18e8abd3507ed5da65ade37204d908317e3b5611c6ad, }, {0.0.555=0f49f316a505ca08b89342428ae04b61f85c36a83c61934a3651176dcf2a8515b17f1478255b8a79f33989e87531a4f3, 0.0.444=01b5d10f6f002568628b113a4413e3f7fbc323b30d00d3e85d9cc4383133318e87a29b54adf186fdfafbb945da802251, }, {0.0.555=7a3d77620f2c2a8a2ccb5ff47f99e259219c120553c33c09cf2e1b4acd88bf2da5807451623a8b45ecbbcdf572e1f01e, 0.0.444=6f21ad9e8a4c4bac825cbd0c12b86fa91972c9aee16811c2515e99606c6405dd714bc61adec8dfe668807fc1737044d1, }, {0.0.555=d979f412d8f06de0ca39c26d34b81f62fd923fdcf320856e336251d98e1145444202db9c5528162c49c473e8d5d76aae, 0.0.444=96be6016767ceae301572d94538892b21c90277fab67139fcf8f07d14ef3909fb8507acc30105929c57b495c53b30419, }, {0.0.555=7e09ca24daa17792603c6aff9425d1388ffe7893af8b8c68d16e724097b2a911c3ee11f9a51b843b24fd094a7fb030c7, 0.0.444=a0c24c511034cdec569a161820fc1f4fe655adbdbc7e202aa1a27472305b9b58daec9aed560d95c1163b70e11f137bc8, }, {0.0.555=dccff6b6c8b95f22b0140a0d40c2b823298b21e934d7d21050b24e83080e0bbb97f67cddd042302faa04aff622495388, 0.0.444=13febb0334be8209b31584506a5a2c83bfd2fe1238d1027d37d7139e96ba32c74675a40b7b670435e89423116db99044, }, {0.0.555=cd44734fed57ffa34c3c0e37bcaaa0e07dd24325647ffae80fd22d495784404c23155ab7a04d2fc8df6c4a46d99442f2, 0.0.444=d80b02834597579552df9b932eef09b4d3b313064f66b54184ae7b25146da1bd1878ab40572966dfd95d9a8b3eb0aaed, }, {0.0.555=e4a3c6d02d6e98c726e17976ee252cbdfe1f38e48d5c2cb6b282a7e3240e20f78fefda273def6fd6df7e76974b5cbae8, 0.0.444=6d39ad3975b1a157809a009f32b42740514d3c352ba7323a74305cc603008eb0001dc2914c989da57e2d62e0cddaf090, }, {0.0.555=10b3d78768b30cd2e59fb88006938fa5a70b164f9a22d03e6bf8eb9eb80be48450545504201a264b09c081437c638372, 0.0.444=6ced6b2432c2ce58125b435bdc6bb00e49a17cae5f2f4366e0525a6a826f6ad8652c9c0f3bd53060ae8fc319c1948106, }, {0.0.555=2b3db404632e18d6c84b3cd3781bd735c2258efbba65187c736777a17575f3e583da120d67a8752cda53a592cbea4335, 0.0.444=84691d037b888a24ac7ddcc400a0a32697691773080970021ea5528f1a8f6e2d58c4d6d38781e53de3b3637fc8e578d5, }, {0.0.555=9d0a75126359fa3440c9dad86b15e05b6ff2cbfbfe32982c1f697676f19756407d9cf4a799cbf3da83a3b6095c4b696d, 0.0.444=14a5cf1b56097905c1c89c5015b58e5d49e2ecbe80dc0ff46e0907275cffc5f25012304547337c45b2e14de8e5d585d4, }, ]"
]


com.hedera.hashgraph.sdk.FileAppendTransactionTest.shouldSerialize=[
  "# com.hedera.hashgraph.sdk.proto.TransactionBody\nfile_append {\n  contents: \"\\001\\002\\003\\004\"\n  file_i_d {\n    file_num: 6006\n    realm_num: 0\n    shard_num: 0\n  }\n}\nnode_account_i_d {\n  account_num: 5005\n  realm_num: 0\n  shard_num: 0\n}\ntransaction_fee: 100000\ntransaction_i_d {\n  account_i_d {\n    account_num: 5006\n    realm_num: 0\n    shard_num: 0\n  }\n  transaction_valid_start {\n    seconds: 1554158542\n  }\n}\ntransaction_valid_duration {\n  seconds: 120\n}"
]


com.hedera.hashgraph.sdk.FileAppendTransactionTest.shouldSerializeBigContents=[
  "# com.hedera.hashgraph.sdk.proto.TransactionBody\nfile_append {\n  contents: \"Lorem ipsum dolor sit amet, consectetur adipiscing elit. Curabitur aliquam augue sem, ut mattis dui laoreet a. Curabitur consequat est euismod, scelerisque metus et, tristique dui. Nulla commodo mauris ut faucibus ultricies. Quisque venenatis nisl nec augue tempus, at efficitur elit eleifend. Duis pharetra felis metus, sed dapibus urna vehicula id. Duis non venenatis turpis, sit amet ornare orci. Donec non interdum quam. Sed finibus nunc et risus finibus, non sagittis lorem cursus. Proin pellentesque tempor aliquam. Sed congue nisl in enim bibendum, condimentum vehicula nisi feugiat.\\n\\nSuspendisse non sodales arcu. Suspendisse sodales, lorem ac mollis blandit, ipsum neque porttitor nulla, et sodales arcu ante fermentum tellus. Integer sagittis dolor sed augue fringilla accumsan. Cras vitae finibus arcu, sit amet varius dolor. Etiam id finibus dolor, vitae luctus velit. Proin efficitur augue nec pharetra accumsan. Aliquam lobortis nisl diam, vel fermentum purus finibus id. Etiam at finibus orci, et tincidunt turpis. Aliquam imperdiet congue lacus vel facilisis. Phasellus id magna vitae enim dapibus vestibulum vitae quis augue. Morbi eu consequat enim. Maecenas neque nulla, pulvinar sit amet consequat sed, tempor sed magna. Mauris lacinia sem feugiat faucibus aliquet. Etiam congue non turpis at commodo. Nulla facilisi.\\n\\nNunc velit turpis, cursus ornare fringilla eu, lacinia posuere leo. Mauris rutrum ultricies dui et suscipit. Curabitur in euismod ligula. Curabitur vitae faucibus orci. Phasellus volutpat vestibulum diam sit amet vestibulum. In vel purus leo. Nulla condimentum lectus vestibulum lectus faucibus, id lobortis eros consequat. Proin mollis libero elit, vel aliquet nisi imperdiet et. Morbi ornare est velit, in vehicula nunc malesuada quis. Donec vehicula convallis interdum.\\n\\nInteger pellentesque in nibh vitae aliquet. Ut at justo id libero dignissim hendrerit. Interdum et malesuada fames ac ante ipsum primis in faucibus. Praesent quis ornare lectus. Nam malesuada non diam quis cursus. Phasellus a libero ligula. Suspendisse ligula elit, congue et nisi sit amet, cursus euismod dolor. Morbi aliquam, nulla a posuere pellentesque, diam massa ornare risus, nec eleifend neque eros et elit.\\n\\nPellentesque a sodales dui. Sed in efficitur ante. Duis eget volutpat elit, et ornare est. Nam felis dolor, placerat mattis diam id, maximus lobortis quam. Sed pellentesque lobortis sem sed placerat. Pellentesque augue odio, molestie sed lectus sit amet, congue volutpat massa. Quisque congue consequat nunc id fringilla. Duis semper nulla eget enim venenatis dapibus. Class aptent taciti sociosqu ad litora torquent per conubia nostra, per inceptos himenaeos. Pellentesque varius turpis nibh, sit amet malesuada mauris malesuada quis. Vivamus dictum egestas placerat. Vivamus id augue elit.\\n\\nCras fermentum volutpat eros, vitae euismod lorem viverra nec. Donec lectus augue, porta eleifend odio sit amet, condimentum rhoncus urna. Nunc sed odio velit. Morbi non cursus odio, eget imperdiet erat. Nunc rhoncus massa non neque volutpat, sit amet faucibus ante congue. Phasellus nec lorem vel leo accumsan lobortis. Maecenas id ligula bibendum purus suscipit posuere ac eget diam. Nam in quam pretium, semper erat auctor, iaculis odio. Maecenas placerat, nisi ac elementum tempor, felis nulla porttitor orci, ac rhoncus diam justo in elit. Etiam lobortis fermentum ligula in tincidunt. Donec quis vestibulum nunc. Sed eros diam, interdum in porta lobortis, gravida eu magna. Donec diam purus, finibus et sollicitudin quis, fringilla nec nisi. Pellentesque habitant morbi tristique senectus et netus et malesuada fames ac turpis egestas. Curabitur ultricies sagittis dapibus. Etiam ullamcorper aliquet libero, eu venenatis mauris suscipit id.\\n\\nUt interdum eleifend sem, vel bibendum ipsum volutpat eget. Nunc ac dignissim augue. Aliquam ornare aliquet magna id dignissim. Vestibulum velit sem, lacinia eu rutrum in, rhoncus vitae mauris. Pellentesque scelerisque pulvinar mauris non cursus. Integer id dolor porta, bibendum sem vel, pretium tortor. Fusce a nisi convallis, interdum quam condimentum, suscipit dolor. Sed magna diam, efficitur non nunc in, tincidunt varius mi. Aliquam ullamcorper nulla eu fermentum bibendum. Vivamus a felis pretium, hendrerit enim vitae, hendrerit leo. Suspendisse lacinia lectus a diam consectetur suscipit. Aenean hendrerit nisl sed diam venenatis pellentesque. Nullam egestas lectus a consequat pharetra. Vivamus ornare tellus auctor, facilisis lacus id, feugiat dui. Nam id est ut est rhoncus varius.\\n\\nAenean vel vehicula erat. Aenean gravida risus vitae purus sodales, quis dictum enim porta. Ut elit elit, fermentum sed posuere non, accumsan eu justo. Integer porta malesuada quam, et elementum massa suscipit nec. Donec in elit diam. Pellentesque habitant morbi tristique senectus et netus et malesuada fames ac turpis egestas. Duis suscipit vel ante volutpat vestibulum.\\n\\nPellentesque ex arcu, euismod et sapien ut, vulputate suscipit enim. Donec mattis sagittis augue, et mattis lacus. Cras placerat consequat lorem sed luctus. Nam suscipit aliquam sem ac imperdiet. Mauris a semper augue, pulvinar fringilla magna. Integer pretium massa non risus commodo hendrerit. Sed dictum libero id erat sodales mattis. Etiam auctor dolor lectus, ut sagittis enim lobortis vitae. Orci varius natoque penatibus et magnis dis parturient montes, nascetur ridiculus mus. Curabitur nec orci lobortis, cursus risus eget, sollicitudin massa. Integer vel tincidunt mi, id eleifend quam. Nullam facilisis nisl eu mauris congue, vitae euismod nisi malesuada. Vivamus sit amet urna et libero sagittis dictum.\\n\\nIn hac habitasse platea dictumst. Aliquam erat volutpat. Ut dictum, mi a viverra venenatis, mi urna pulvinar nisi, nec gravida lectus diam eget urna. Ut dictum sit amet nisl ut dignissim. Sed sed mauris scelerisque, efficitur augue in, vulputate turpis. Proin dolor justo, bibendum et sollicitudin feugiat, imperdiet sed mi. Sed elementum vitae massa vel lobortis. Cras vitae massa sit amet libero dictum tempus.\\n\\nVivamus ut mauris lectus. Curabitur placerat ornare scelerisque. Cras malesuada nunc quis tortor pretium bibendum vel sed dui. Cras lobortis nibh eu erat blandit, sit amet consequat neque fermentum. Phasellus imperdiet molestie tristique. Cras auctor purus erat, id mollis ligula porttitor eget. Mauris porta pharetra odio et finibus. Suspendisse eu est a ligula bibendum cursus. Mauris ac laoreet libero. Nullam volutpat sem quis rhoncus gravida.\\n\\nDonec malesuada lacus ac iaculis cursus. Sed sem orci, feugiat ac est ut, ultricies posuere nisi. Suspendisse potenti. Phasellus ut ultricies purus. Etiam sem tortor, fermentum quis aliquam eget, consequat ut nulla. Aliquam dictum metus in mi fringilla, vel gravida nulla accumsan. Cras aliquam eget leo vel posuere. Vivamus vitae malesuada nunc. Morbi placerat magna mi, id suscipit lacus auctor quis. Nam at lorem vel odio finibus fringilla ut ac velit. Donec laoreet at nibh quis vehicula.\\n\\nFusce ac tristique nisi. Donec leo nisi, consectetur at tellus sit amet, consectetur ultrices dui. Quisque gravida mollis tempor. Maecenas semper, sapien ut dignissim feugiat, massa enim viverra dolor, non varius eros nulla nec felis. Nunc massa lacus, ornare et feugiat id, bibendum quis purus. Praesent viverra elit sit amet purus consectetur venenatis. Maecenas nibh risus, elementum sit amet enim sagittis, ultrices malesuada lectus. Vivamus non felis ante. Ut vulputate ex arcu. Aliquam porta gravida porta. Aliquam eros leo, malesuada quis eros non, maximus tristique neque. Orci varius natoque penatibus et magnis dis parturient montes, nascetur ridiculus mus. Etiam ligula orci, mollis vel luctus nec, venenatis vitae est. Fusce rutrum convallis nisi.\\n\\nNunc laoreet eget nibh in feugiat. Pellentesque nec arcu cursus, gravida dolor a, pellentesque nisi. Praesent vel justo blandit, placerat risus eget, consectetur orci. Sed maximus metus mi, ut euismod augue ultricies in. Nunc id risus hendrerit, aliquet lorem nec, congue justo. Vestibulum vel nunc ac est euismod mattis ac vitae nulla. Donec blandit luctus mauris, sit amet bibendum dui egestas et. Aenean nec lorem nec elit ornare rutrum nec eget ligula. Fusce a ipsum vitae neque elementum pharetra. Pellentesque ullamcorper ullamcorper libero, vitae porta sem sagittis vel. Interdum et malesuada fames ac ante ipsum primis in faucibus.\\n\\nDuis at massa sit amet risus pellentesque varius sit amet vitae eros. Cras tempor aliquet sapien, vehicula varius neque volutpat et. Donec purus nibh, pellentesque ut lobortis nec, ultricies ultricies nisl. Sed accumsan ut dui sit amet vulputate. Suspendisse eu facilisis massa, a hendrerit mauris. Nulla elementum molestie tincidunt. Donec mi justo, ornare vel tempor id, gravida et orci. Nam molestie erat nec nisi bibendum accumsan. Duis vitae tempor ante. Morbi congue mauris vel sagittis facilisis. Vivamus vehicula odio orci, a tempor nibh euismod in. Proin mattis, nibh at feugiat porta, purus velit posuere felis, quis volutpat sapien dui vel odio. Nam fermentum sem nec euismod aliquet. Pellentesque habitant morbi tristique senectus et netus et malesuada fames ac turpis egestas. Aliquam erat volutpat.\\n\\nMauris congue lacus tortor. Pellentesque arcu eros, accumsan imperdiet porttitor vitae, mattis nec justo. Nullam ac aliquam mauris. Orci varius natoque penatibus et magnis dis parturient montes, nascetur ridiculus mus. Suspendisse potenti. Fusce accumsan tempus felis a sagittis. Maecenas et velit odio. Vestibulum ante ipsum primis in faucibus orci luctus et ultrices posuere cubilia curae; Aliquam eros lacus, volutpat non urna sed, tincidunt ullamcorper elit. Sed sit amet gravida libero. In varius mi vel diam sollicitudin mollis.\\n\\nAenean varius, diam vitae hendrerit feugiat, libero augue ultrices odio, eget consequat sem tellus eu nisi. Nam dapibus enim et auctor sollicitudin. Nunc iaculis eros orci, ac accumsan eros malesuada ut. Ut semper augue felis, nec sodales lorem consectetur non. Cras gravida eleifend est, et sagittis eros imperdiet congue. Fusce id tellus dapibus nunc scelerisque tempus. Donec tempor placerat libero, in commodo nisi bibendum eu. Donec id eros non est sollicitudin luctus. Duis bibendum bibendum tellus nec viverra. Aliquam non faucibus ex, nec luctus dui. Curabitur efficitur varius urna non dignissim. Suspendisse elit elit, ultrices in elementum eu, tempor at magna.\\n\\nNunc in purus sit amet mi laoreet pulvinar placerat eget sapien. Donec vel felis at dui ultricies euismod quis vel neque. Donec tincidunt urna non eros pretium blandit. Nullam congue tincidunt condimentum. Curabitur et libero nibh. Proin ultricies risus id imperdiet scelerisque. Suspendisse purus mi, viverra vitae risus ut, tempus tincidunt enim. Ut luctus lobortis nisl, eget venenatis tortor cursus non. Mauris finibus nisl quis gravida ultricies. Fusce elementum lacus sit amet nunc congue, in porta nulla tincidunt.\\n\\nMauris ante risus, imperdiet blandit posuere in, blandit eu ipsum. Integer et auctor arcu. Integer quis elementum purus. Nunc in ultricies nisl, sed rutrum risus. Suspendisse venenatis eros nec lorem rhoncus, in scelerisque velit condimentum. Etiam condimentum quam felis, in elementum odio mattis et. In ut nibh porttitor, hendrerit tellus vel, luctus magna. Vestibulum et ligula et dolor pellentesque porta. Aenean efficitur porta massa et bibendum. Nulla vehicula sem in risus volutpat, a eleifend elit maximus.\\n\\nProin orci lorem, auctor a felis eu, pretium lobortis nulla. Phasellus aliquam efficitur interdum. Sed sit amet velit rutrum est dictum facilisis. Duis cursus enim at nisl tincidunt, eu molestie elit vehicula. Cras pellentesque nisl id enim feugiat fringilla. In quis tincidunt neque. Nam eu consectetur dolor. Ut id interdum mauris. Mauris nunc tortor, placerat in tempor ut, vestibulum eu nisl. Integer vel dapibus ipsum. Nunc id erat pulvinar, tincidunt magna id, condimentum massa. Pellentesque consequat est eget odio placerat vehicula. Etiam augue neque, sagittis non leo eu, tristique scelerisque dui. Ut dui urna, blandit quis urna ac, tincidunt tristique turpis.\\n\\nSuspendisse venenatis rhoncus ligula ultrices condimentum. In id laoreet eros. Suspendisse suscipit fringilla leo id euismod. Sed in quam libero. Ut at ligula tellus. Sed tristique gravida dui, at egestas odio aliquam iaculis. Praesent imperdiet velit quis nibh consequat, quis pretium sem sagittis. Donec tortor ex, congue sit amet pulvinar ac, rutrum non est. Praesent ipsum magna, venenatis sit amet vulputate id, eleifend ac ipsum.\\n\\nIn consequat, nisi iaculis laoreet elementum, massa mauris varius nisi, et porta nisi velit at urna. Maecenas sit amet aliquet eros, a rhoncus nisl. Maecenas convallis enim nunc. Morbi purus nisl, aliquam ac tincidunt sed, mattis in augue. Quisque et elementum quam, vitae maximus orci. Suspendisse hendrerit risus nec vehicula placerat. Nulla et lectus nunc. Pellentesque habitant morbi tristique senectus et netus et malesuada fames ac turpis egestas.\\n\\nEtiam ut sodales ex. Nulla luctus, magna eu scelerisque sagittis, nibh quam consectetur neque, non rutrum dolor metus nec ex. Class aptent taciti sociosqu ad litora torquent per conubia nostra, per inceptos himenaeos. Sed egestas augue elit, sollicitudin accumsan massa lobortis ac. Curabitur placerat, dolor a aliquam maximus, velit ipsum laoreet ligula, id ullamcorper lacus nibh eget nisl. Donec eget lacus venenatis enim consequat auctor vel in.\\n\"\n  file_i_d {\n    file_num: 6006\n    realm_num: 0\n    shard_num: 0\n  }\n}\nnode_account_i_d {\n  account_num: 444\n  realm_num: 0\n  shard_num: 0\n}\ntransaction_fee: 100000\ntransaction_i_d {\n  account_i_d {\n    account_num: 5006\n    realm_num: 0\n    shard_num: 0\n  }\n  transaction_valid_start {\n    seconds: 1554158542\n  }\n}\ntransaction_valid_duration {\n  seconds: 120\n}"
]