com.hedera.hashgraph.sdk.ScheduleInfoQueryTest.shouldSerialize=[
  "\nschedule_get_info {\n  header {\n  }\n  schedule_i_d {\n    realm_num: 0\n    schedule_num: 5005\n    shard_num: 0\n  }\n}"
]