com.hedera.hashgraph.sdk.TokenInfoQueryTest.shouldSerialize=[
  "\ntoken_get_info {\n  header {\n  }\n  token {\n    realm_num: 0\n    shard_num: 0\n    token_num: 5005\n  }\n}"
]